[gvpce.ac.in/index.html]
[gvpce.ac.in/favicon.ico]
[backblue.gif]
[fade.gif]
[index.html]
[www.w3.org/1999/xhtml/index.html]
[gvpce.ac.in/engine1/jquery.js]
[gvpce.ac.in/images/banner.jpg]
[gvpce.ac.in/images/SILVER JUBILEE BANNER 25 years (1).jpg]
[gvpce.ac.in/General Notifications/message of governing body.pdf]
[gvpce.ac.in/General Notifications/2022/HIGHLIGHTS-M.TECH.-2022-23 ADMISSIONS.pdf]
[gvpce.ac.in/images/new.gif]
[gvpce.ac.in/B.Tech/B.Tech Admissions/2022-2023/SPECIAL ROUND ADMISSION.pdf]
[gvpce.ac.in/placements/Placements Data 2022 Batch.pdf]
[gvpce.ac.in/General Notifications/2022/1114-GVP-8 x 13.jpg]
[gvpce.ac.in/B.Tech/B.Tech Admissions/2022-2023/I Year B.Tech. Freshers Circular.pdf]
[gvpce.ac.in/B.Tech/B.Tech Admissions/2022-2023/Bus Transport with routes.pdf]
[gvpce.ac.in/B.Tech/B.Tech Admissions/2022-2023/B. Tech. Semester-1 Regular Time Table (2022-23)-1.pdf]
[gvpce.ac.in/B.Tech/ADMISSION PROCEDURE/BLR2021-22.jpg]
[gvpce.ac.in/B.Tech/ADMISSION PROCEDURE/ICET BEST AND LAST RANKS 2021.jpg]
[gvpce.ac.in/General Notifications/2022/0902-GVP-Eng-8x7 ADVT.jpg]
[gvpce.ac.in/General Notifications/2022/Revised-Circular for JVD Fresh Registrations.pdf]
[gvpce.ac.in/result.html]
[gvpce.ac.in/index-2.html]
[formbuilder.ccavenue.com/live/union-bank-of-india/gvp-college-of-engineering-autonomous.html]
[gvpce.ac.in/KYC BANNER RFP (1).jpg]
[gvpce.ac.in/data1/images/SILVER JUBILEE BANNER 25 years (1).jpg]
[gvpce.ac.in/CFSR/Flyer-Workshop on Climate Change1.png]
[gvpce.ac.in/Achievements/Innovation Start up Award_APSCHE.pdf]
[gvpce.ac.in/Achievements/Congratulations_VC.pdf]
[gvpce.ac.in/Achievements/Congratulations_Roller Skating.jpg]
[gvpce.ac.in/Achievements/Selection to JNTUK Teams.pdf]
[gvpce.ac.in/Achievements/Congratulations to Students.pdf]
[gvpce.ac.in/Achievements/JNTUK Felicitation.pdf]
[gvpce.ac.in/Achievements/R Vasanth Kumar.pdf]
[gvpce.ac.in/RatingCertificate_2019-20.pdf]
[gvpce.ac.in/nirf2020.jpg]
[gvpce.ac.in/cricket runnersup.jpg]
[gvpce.ac.in/Congrats JRN.pdf]
[gvpce.ac.in/cricket (2).jpg]
[gvpce.ac.in/GVP Athlets.pdf]
[gvpce.ac.in/GVPCE GIRLS TEAM.pdf]
[gvpce.ac.in/ISTE Award.jpg]
[gvpce.ac.in/roller skating.jpg]
[gvpce.ac.in/ies.jpg]
[gvpce.ac.in/table tennis winners.jpg]
[gvpce.ac.in/Sanction order for EMR_2017_000885.pdf]
[gvpce.ac.in/FELICITATIONAWARD.pdf]
[gvpce.ac.in/ISTEAward.pdf]
[gvpce.ac.in/quickmenu.js]
[gvpce.ac.in/ice.jpg]
[gvpce.ac.in/osv.jpg]
[gvpce.ac.in/mhrdnirf.jpg]
[gvpce.ac.in/ARI-C-17913.pdf]
[gvpce.ac.in/ARIIA.jpg]
[gvpce.ac.in/eamcetcode.jpg]
[counter2.stat.ovh/private/freecounterstat342d.png]
[gvpce.ac.in/slideshow/home/slideshowpop.js]
[gvpce.ac.in/slideshow/home/slideshow2.js]
[gvpce.ac.in/slideshow/home/slideshow3.js]
[gvpce.ac.in/index.html]
[www.w3.org/1999/xhtml/index.html]
[gvpce.ac.in/images/hmleftbg.gif]
[gvpce.ac.in/images/hmrightbg.gif]
[gvpce.ac.in/images/question.gif]
[gvpce.ac.in/images/corner.gif]
[gvpce.ac.in/images/stylegvp2.css]
[gvpce.ac.in/engine1/bullet.png]
[gvpce.ac.in/engine1/arrows.png]
[gvpce.ac.in/engine1/pause.png]
[gvpce.ac.in/engine1/play.png]
[gvpce.ac.in/engine1/triangle.png]
[gvpce.ac.in/engine1/style.css]
[gvpce.ac.in/B.Tech/B.Tech Admissions/2022-2023/btechadmission/js/jquery.min.js]
[stackpath.bootstrapcdn.com/font-awesome/4.7.0/css/font-awesome.min.css]
[gvpce.ac.in/B.Tech/B.Tech Admissions/2022-2023/btechadmission/images/GVP Logo.jpg]
[gvpce.ac.in/B.Tech/B.Tech Admissions/2022-2023/btechadmission/images/l1.jpg]
[gvpce.ac.in/B.Tech/B.Tech Admissions/2022-2023/btechadmission/images/r1.jpg]
[gvpce.ac.in/B.Tech/B.Tech Admissions/2022-2023/btechadmission/images/seats.jpg]
[gvpce.ac.in/B.Tech/B.Tech Admissions/2022-2023/btechadmission/images/B.Tech. Admissions_Acad Per & Placements.jpg]
[gvpce.ac.in/data1/images/21-22placements/pl1.jpg]
[gvpce.ac.in/data1/images/21-22placements/pl2.jpg]
[gvpce.ac.in/data1/images/21-22placements/pl4.jpg]
[gvpce.ac.in/data1/images/21-22placements/pl5.jpg]
[gvpce.ac.in/B.Tech/B.Tech Admissions/2022-2023/btechadmission/images/Honors.jpg]
[gvpce.ac.in/B.Tech/B.Tech Admissions/2022-2023/btechadmission/images/Minors.jpg]
[gvpce.ac.in/B.Tech/ADMISSION PROCEDURE/2022-23/INSTRUCTIONS TO SELECTED CANDIDATES.pdf]
[gvpce.ac.in/B.Tech/ADMISSION PROCEDURE/2022-23/SCHEDULE-new.pdf]
[gvpce.ac.in/B.Tech/ADMISSION PROCEDURE/2022-23/NRI CATEGORY ADVERTISEMENT.pdf]
[gvpce.ac.in/B.Tech/ADMISSION PROCEDURE/2022-23/ELEGIBILITY.pdf]
[gvpce.ac.in/B.Tech/ADMISSION PROCEDURE/2022-23/SCHEDULE.pdf]
[gvpce.ac.in/B.Tech/ADMISSION PROCEDURE/2022-23/selection list Cat B NRI - 2022.pdf]
[code.jquery.com/jquery-3.5.1.slim.min.js]
[cdn.jsdelivr.net/npm/popper.js@1.16.0/dist/umd/popper.min.js]
[stackpath.bootstrapcdn.com/bootstrap/4.5.0/js/bootstrap.min.js]
[gvpce.ac.in/B.Tech/B.Tech Admissions/2022-2023/btechadmission/js/btechadmiss.js]
[gvpce.ac.in/B.Tech/B.Tech Admissions/2022-2023/btechadmission/js/navbar.js]
[gvpce.ac.in/B.Tech/B.Tech Admissions/2022-2023/index.html]
[gvpce.ac.in/CFSR/aazadiamrit/js/jquery.min.js]
[gvpce.ac.in/CFSR/aazadiamrit/js/Ramsa.js]
[gvpce.ac.in/CFSR/aazadiamrit/images/Logo.jpg]
[gvpce.ac.in/CFSR/aazadiamrit/images/b1.jpg]
[gvpce.ac.in/CFSR/aazadiamrit/images/b2.jpg]
[gvpce.ac.in/CFSR/aazadiamrit/images/1.jpg]
[gvpce.ac.in/CFSR/aazadiamrit/images/2.jpg]
[gvpce.ac.in/CFSR/aazadiamrit/images/3.jpg]
[gvpce.ac.in/CFSR/aazadiamrit/images/4.jpg]
[gvpce.ac.in/CFSR/aazadiamrit/images/PRABHATHPHERI2/1.jpg]
[gvpce.ac.in/CFSR/aazadiamrit/images/PRABHATHPHERI2/2.jpg]
[gvpce.ac.in/CFSR/aazadiamrit/images/PRABHATHPHERI2/3.jpg]
[gvpce.ac.in/CFSR/aazadiamrit/images/PRABHATHPHERI2/4.jpg]
[gvpce.ac.in/CFSR/aazadiamrit/images/PRABHATHPHERI2/5.jpg]
[gvpce.ac.in/CFSR/aazadiamrit/images/PRABHATHPHERI2/6.jpg]
[gvpce.ac.in/CFSR/aazadiamrit/images/PRABHATHPHERI3/1.jpg]
[gvpce.ac.in/CFSR/aazadiamrit/images/PRABHATHPHERI3/2.jpg]
[gvpce.ac.in/CFSR/aazadiamrit/images/PRABHATHPHERI3/3.jpg]
[gvpce.ac.in/CFSR/aazadiamrit/images/PRABHATHPHERI3/4.jpg]
[gvpce.ac.in/CFSR/aazadiamrit/images/PRABHATHPHERI3/5.jpg]
[gvpce.ac.in/CFSR/aazadiamrit/images/PRABHATHPHERI3/6.jpg]
[gvpce.ac.in/CFSR/aazadiamrit/images/PRABHATHPHERI4/1.jpg]
[gvpce.ac.in/CFSR/aazadiamrit/images/PRABHATHPHERI4/2.jpg]
[gvpce.ac.in/CFSR/aazadiamrit/images/PRABHATHPHERI4/3.jpg]
[gvpce.ac.in/CFSR/aazadiamrit/images/PRABHATHPHERI4/4.jpg]
[gvpce.ac.in/CFSR/aazadiamrit/images/PRABHATHPHERI4/5.jpg]
[gvpce.ac.in/CFSR/aazadiamrit/images/PRABHATHPHERI4/6.jpg]
[gvpce.ac.in/CFSR/aazadiamrit/images/PRABHATHPHERI6/1.jpg]
[gvpce.ac.in/CFSR/aazadiamrit/images/PRABHATHPHERI6/2.jpg]
[gvpce.ac.in/CFSR/aazadiamrit/images/PRABHATHPHERI6/3.jpg]
[gvpce.ac.in/CFSR/aazadiamrit/images/PRABHATHPHERI6/4.jpg]
[gvpce.ac.in/CFSR/aazadiamrit/images/PRABHATHPHERI6/5.jpg]
[gvpce.ac.in/CFSR/aazadiamrit/images/PRABHATHPHERI6/6.jpg]
[gvpce.ac.in/CFSR/aazadiamrit/images/flag/1.jpg]
[gvpce.ac.in/CFSR/aazadiamrit/images/flag/2.jpg]
[gvpce.ac.in/CFSR/aazadiamrit/images/flag/3.jpg]
[gvpce.ac.in/CFSR/aazadiamrit/images/flag/4.jpg]
[gvpce.ac.in/CFSR/aazadiamrit/images/News.jpg]
[gvpce.ac.in/CFSR/aazadiamrit/images/News1.jpg]
[gvpce.ac.in/CFSR/aazadiamrit/js/ramsascript.js]
[gvpce.ac.in/CFSR/AZADIKAAMRITMAHOTSAV.html]
[gvpce.ac.in/images/bg.jpg]
[gvpce.ac.in/request.pdf]
[gvpce.ac.in/JVD LAPTOP.pdf]
[gvpce.ac.in/B.Tech/Promotion Policy.pdf]
[gvpce.ac.in/General Notifications/website MESSAGE TO M.Tech. I Year New entrants.pdf]
[gvpce.ac.in/Fees/GVPCE(A)-NOTICE ON 27-1021.jpg]
[gvpce.ac.in/EEE/Workshops/IISGT21-ATAL-FDP Brochure.pdf]
[gvpce.ac.in/LIST OF RTF INELIGIBLE STUDENTS_2019-20.pdf]
[gvpce.ac.in/Instructions to Students attending exams.pdf]
[gvpce.ac.in/Health Status Declaration.pdf]
[gvpce.ac.in/Declaration for seeking Permission to Stay in Hostel.pdf]
[gvpce.ac.in/General Notifications.html]
[gvpce.ac.in/B.Tech/exams/Malpractice rules.pdf]
[gvpce.ac.in/B.Tech/exams/Notifications/7 sem Regular Nov 2022.pdf]
[gvpce.ac.in/B.Tech/exams/Notifications/B.Tech. III Semester (R-2019) Supplementary Examinations Notification-November 2022.pdf]
[gvpce.ac.in/B.Tech/exams/Notifications/1 sem Supply R-2020 Nov 2022.pdf]
[gvpce.ac.in/B.Tech/exams/Notifications/1-2 SEM SUPPLY R2019-NOV 2022.pdf]
[gvpce.ac.in/B.Tech/exams/Notifications/4sem notificatioh.pdf]
[gvpce.ac.in/MCA/exams/notifications/MCA-NOTIFICATION.pdf]
[gvpce.ac.in/PG/M.Tech/exams/notifications/MTECH NOTIFICATION.pdf]
[gvpce.ac.in/B.Tech/exams/Notifications/suply noti sept 2022.pdf]
[gvpce.ac.in/B.Tech/exams/Notifications/2 sem.pdf]
[gvpce.ac.in/B.Tech/exams/Notifications/2 sem notification.pdf]
[gvpce.ac.in/B.Tech/exams/Notifications/5 sem Supply R-2019 August 2022.pdf]
[gvpce.ac.in/B.Tech/exams/Notifications/8 sem supply.pdf]
[gvpce.ac.in/B.Tech/exams/Notifications/REVALUTION-NOTICE-I sem-July 2022.pdf]
[gvpce.ac.in/B.Tech/exams/Notifications/4 sem regular.pdf]
[gvpce.ac.in/B.Tech/exams/Notifications/suply july2022.pdf]
[gvpce.ac.in/B.Tech/exams/Notifications/6 SEM NOTIFICATION.pdf]
[gvpce.ac.in/B.Tech/exams/Notifications/Autonomous colleges Special Supple Notification-june2022.pdf]
[gvpce.ac.in/B.Tech/exams/Notifications/bt_RR, R05, R07, R10 & R13_splsupply.pdf]
[gvpce.ac.in/B.Tech/exams/Notifications/mca_mba_splsuppply_notification.pdf]
[gvpce.ac.in/B.Tech/exams/Notifications/7 sem supply notificaiton.pdf]
[gvpce.ac.in/B.Tech/exams/Notifications/BTECH 8 SEM NOTIFICATION MAY 2022.pdf]
[gvpce.ac.in/mca/exams/notifications/MCA 4 SEM SUPLY MAY 2022.pdf]
[gvpce.ac.in/mca/exams/notifications/MCA EXAM NOTIFICATION.pdf]
[gvpce.ac.in/PG/M.Tech/exams/notifications/MTECH EXAM NOTIFICATION.pdf]
[gvpce.ac.in/mca/exams/notifications/MCA-3 SEM-Regular MAY 2022 .pdf]
[gvpce.ac.in/B.Tech/exams/Notifications/2-4-SUPLY NOTIFICATION-7-4-2022.pdf]
[gvpce.ac.in/B.Tech/exams/Notifications/I SEM EXAM NOTIFICATION-APRIL 2022.pdf]
[gvpce.ac.in/B.Tech/exams/Notifications/1BTECH SUPLY NOTIFICATION MAR22.pdf]
[gvpce.ac.in/B.Tech/exams/Notifications/EXAM NOTIFICATION R 2015 MAR 2022.pdf]
[gvpce.ac.in/B.Tech/exams/Notifications/Revised -B.Tech-III-SEM-NOTIFICATION FEB 2022_2-2-2022.pdf]
[gvpce.ac.in/B.Tech/exams/Notifications/CIRCULAR 10-2-2022.pdf]
[gvpce.ac.in/B.Tech/exams/Notifications/V Sem. Exam EEE & ECE Rescheduled_Circular -.pdf]
[gvpce.ac.in/B.Tech/exams/Notifications/BTECH- V REG , SUPLY NOTIFICATION.pdf]
[gvpce.ac.in/B.Tech/exams/Notifications/B.Tech-I, II, III (R-2019) SUPLY EXAM NOTIFICATION JAN 2022.pdf]
[gvpce.ac.in/mca/exams/notifications/MCA-V-SEM-Regular  & IV Supply-Revised Notification JAN-2022.pdf]
[gvpce.ac.in/B.Tech/exams/Notifications/B TECH. VII SEM NOTIFICATION-JAN-2022.pdf]
[gvpce.ac.in/mca/exams/notifications/MCA 2 SEM REGULAR DEC 2021.pdf]
[gvpce.ac.in/mca/exams/notifications/MCA 1 to 5 SEM SUPPLY DEC 2021.pdf]
[gvpce.ac.in/PG/M.Tech/exams/notifications/M.TECH I , II SEM SUPPLY DEC 2021.pdf]
[gvpce.ac.in/PG/M.Tech/exams/notifications/M.TECH II SEM REGULAR DEC 2021.pdf]
[gvpce.ac.in/B.Tech/exams/Notifications/REV NOTICE 3 SEM NOV201.pdf]
[gvpce.ac.in/B.Tech/exams/Notifications/Revaluaiton Notification_MCA.pdf]
[gvpce.ac.in/B.Tech/exams/Notifications/Revaluaiton Notification_M.Tech.pdf]
[gvpce.ac.in/B.Tech/exams/Notifications/REVALUATION NOTICE B.TECH -3-SEM SUPPLY OCT-2021.pdf]
[gvpce.ac.in/B.Tech/exams/Notifications/B.Tech-1-2-3-4-5-6-7-8-SEM-SUPPLY NOTIFICATION OCT 2021.pdf]
[gvpce.ac.in/B.Tech/exams/Notifications/B.Tech-3-SEM-SUPPLY NOTIFICATION OCT 2021.pdf]
[gvpce.ac.in/B.Tech/exams/Notifications/B.Tech-8-SEM-SUPPLY NOTIFICATION OCT 2021.pdf]
[gvpce.ac.in/B.Tech/exams/Notifications/BTECH II SEM EXAM NOTIFICATION.pdf]
[gvpce.ac.in/B.Tech/exams/Notifications/B.Tech-1-2-4-5-SEM-SUPPLY NOTIFICATION SEPT 2021 - Copy.pdf]
[gvpce.ac.in/B.Tech/exams/Notifications/REVALUATION NOTICE B.TECH -8-SEM SUPPLY JULY-2021 .pdf]
[gvpce.ac.in/B.Tech/exams/Notifications/REVALUATION NOTICE B.TECH -5-SEM SUPPLY SEPT-2021 .pdf]
[gvpce.ac.in/B.Tech/exams/Notifications/B.Tech-7-SEM-SUPPLY NOTIFICATION SEPT 2021.pdf]
[gvpce.ac.in/B.Tech/exams/Notifications/REVALUATION NOTICE B.TECH -1-2-SEM SUPPLY APRIL-2021  - Copy.doc]
[gvpce.ac.in/B.Tech/exams/Notifications/REVALUATION NOTICE B.TECH -3-SEM SUPPLY APRIL-2021.pdf]
[gvpce.ac.in/mca/exams/notifications/MCA-IV-SEM-Regular Notification -August 2021.pdf]
[gvpce.ac.in/B.Tech-6-SEM-SUPPLY NOTIFICATION AUGUST 2021.doc]
[gvpce.ac.in/REVALUATION NOTICE B.TECH -4-6 SUPPLY APRIL-2021 .doc]
[gvpce.ac.in/B.Tech-IV-SEM-NOTIFICATION AUGUST 2021.pdf]
[gvpce.ac.in/B.Tech-VI-SEM-NOTIFICATION AUGUST 2021.pdf]
[gvpce.ac.in/REVALUATION NOTICE B.TECH -VII-MARCH-2021-F.pdf]
[gvpce.ac.in/REVALUATION NOTICE B.TECH -VII-MARCH-2021.pdf]
[gvpce.ac.in/MCA-III-SEM-SUPPLY Notification AUGUST 2021.pdf]
[gvpce.ac.in/MCA-I-SEM-Regular  & I,II,IV Supply-Notification JULY-2021.pdf]
[gvpce.ac.in/MTECH-I-& II R-2020-SEM-JULY-2021.pdf]
[gvpce.ac.in/REVALUATION NOTICE MTECH-I MARCH-2021 -.pdf]
[gvpce.ac.in/REVALUATION NOTICE MCA-I,II,II MARCH-2021 -.pdf]
[gvpce.ac.in/B.TECH-1-2-4--6-SEM-REG-5-7 SUPLY-APR-2021.pdf]
[gvpce.ac.in/REVALUATION NOTICE B.TECH-VI MARCH-2021 -.pdf]
[gvpce.ac.in/REVALUATION NOTICE B.TECH -IV-MARCH-2021 .pdf]
[gvpce.ac.in/B.Tech-III-SEM-NOTIFICATION MARCH 2021-f (1).pdf]
[gvpce.ac.in/MCA-V-SEM-Supply Notification 2021.pdf]
[gvpce.ac.in/REVALUATION NOTICE and application JAN 2021.pdf]
[gvpce.ac.in/M.Tech  Supply.pdf]
[gvpce.ac.in/M.Tech Regular and I,II-Sem Regular.pdf]
[gvpce.ac.in/MCA-IV sem-Regular and I,II,III,V-Sem Supply.pdf]
[gvpce.ac.in/B.Tech-II-SEM-NOTIFICATION-November-2020 (ALL REG.).pdf]
[gvpce.ac.in/B.Tech-IV-SEM-NOTIFICATION-November-2020 _ALL REG._.pdf]
[gvpce.ac.in/B.Tech-VI-SEM-NOTIFICATION-October-2020 (ALL REG.).pdf]
[gvpce.ac.in/Circular_14-10-2020.pdf]
[gvpce.ac.in/B.Tech I, III, V, VII Semesters-Supplementary Notification-October-2020 (R-2015, R-2013, R-2012) Extension.pdf]
[gvpce.ac.in/Rescheduling of VIII Sem examinations_8_9_2020.pdf]
[gvpce.ac.in/examnotifications.html]
[gvpce.ac.in/B.Tech/exams/TimeTables/2022/B.Tech III-Semester Supplementary (Autonomous) Examinations,  November-2022.pdf]
[gvpce.ac.in/B.Tech/exams/TimeTables/2022/Time Table for B.Tech I Semester Supple (R-2020) Examinations, November-2022.pdf]
[gvpce.ac.in/B.Tech/exams/TimeTables/2022/B.Tech I Sem Supple (R-2019)_November 2022.pdf]
[gvpce.ac.in/B.Tech/exams/TimeTables/2022/B.Tech II Sem Supple (R-19)_November 2022.pdf]
[gvpce.ac.in/B.Tech/exams/TimeTables/2022/B.Tech. IV Sem Supple (R-2019)-October- 2022.pdf]
[gvpce.ac.in/B.Tech/exams/TimeTables/2022/SPL SUPLY AUTONOMOUS TIME TABLE.pdf]
[gvpce.ac.in/B.Tech/exams/TimeTables/2022/B.Tech I & II Semester (R-2013) Supplementary (Autonomous) Examinations , OCTOBER -2022.pdf]
[gvpce.ac.in/B.Tech/exams/TimeTables/2022/Time table for B.Tech I & II Semester (R-2015) Supplementary (Autonomous) Examinations , OCTOBER -2022.pdf]
[gvpce.ac.in/B.Tech/exams/TimeTables/2022/II B.TECH. I & II SEMESTER  SPECIAL SUPPLEMENTARY (JNTUK- STREAM) EXAMINATIONS, OCTOBER  - 2022 TIME TABLE.pdf]
[gvpce.ac.in/B.Tech/exams/TimeTables/2022/I B.TECH.  SPECIAL SUPPLEMENTARY (JNTUK- STREAM) EXAMINATIONS, SEPTEMBER - 2022 TIME TABLE.pdf]
[gvpce.ac.in/PG/M.Tech/exams/TimeTables/Time Table of M.Tech. II Semester (R-2019) Regular , M.Tech. I & II semester (R-2019, 2015) Supplementary Examinations- SEPTEMBER 2022.10]
[gvpce.ac.in/B.Tech/exams/TimeTables/2022/Time table for B.Tech III,IV,V & VI Semester (R-2013) Supplementary (Autonomous) Examinations , SEPTEMBER-2022.pdf]
[gvpce.ac.in/mca/exams/Time Tables/Time tables of M.C.A. I,II,III & IV ( R-2015 & R-2020)- SEPTEMBER -2022.pdf]
[gvpce.ac.in/B.Tech/exams/TimeTables/2022/Time table for B.Tech III,IV,V & VI Semester (R-2015)  Supplementary (Autonomous) Examinations , SEPTEMBER-2022.pdf]
[gvpce.ac.in/B.Tech/exams/TimeTables/2022/B.TECH. SPECIAL SUPPLEMENTARY (JNTUK- STREAM) EXAMINATIONS, SEPTEMBER - 2022 TIME TABLE.pdf]
[gvpce.ac.in/B.Tech/exams/TimeTables/2022/B.Tech II Sem Regular & Supple (R-2020)_September 2022.pdf]
[gvpce.ac.in/B.Tech/exams/TimeTables/2022/B.Tech V Sem Sup (R-2019)-August_2022.pdf]
[gvpce.ac.in/B.Tech/exams/TimeTables/2022/B.Tech VIII Sem Sup (R-2015) -August 2022.pdf]
[gvpce.ac.in/B.Tech/exams/TimeTables/2022/B.Tech I & III Sem Supple (R-2020)_July-2022.pdf]
[gvpce.ac.in/B.Tech/exams/TimeTables/2022/B.Tech I,II & III Sem Supple (R-2019)_July 2022.pdf]
[gvpce.ac.in/B.Tech/exams/TimeTables/2022/B.Tech IV Sem Regular (R-2020).pdf]
[gvpce.ac.in/B.Tech/exams/TimeTables/2022/B.TECH VI Sem Reg (R-2019)-July-2022.pdf]
[gvpce.ac.in/B.Tech/exams/TimeTables/2022/B.TECH VIII Sem Sup (R-2013)_June-2022.pdf]
[gvpce.ac.in/B.Tech/exams/TimeTables/2022/B.Tech VII Sem Sup (R-2015) -June 2022.pdf]
[gvpce.ac.in/B.Tech/exams/TimeTables/2022/B.TECH VII Sem Sup (R-2013)_June-2022.pdf]
[gvpce.ac.in/B.Tech/exams/TimeTables/2022/B.Tech VIII Sem Reg&Sup (R-2015) -June 2022.pdf]
[gvpce.ac.in/mca/exams/Time Tables/MCA-IV Sem (Sup) (R-2015) -May 2022.pdf]
[gvpce.ac.in/mca/exams/Time Tables/MCA-III Sem (R-2019, R-2015) Supplementary Examinations - May-2022.pdf]
[gvpce.ac.in/mca/exams/Time Tables/MCA-II Sem Supplementary R-2020, R-2019, R-2015- May-2022.pdf]
[gvpce.ac.in/mca/exams/Time Tables/MCA-I Sem Regular Supplementary R-2020, R-2019, R-2015- May-2022.pdf]
[gvpce.ac.in/PG/M.Tech/exams/TimeTables/M.Tech Time Tables -MAY 2022.pdf]
[gvpce.ac.in/mca/exams/Time Tables/Time Table for MCA-III Sem (R-2020) (Regular)_ MAY_ 2022.pdf]
[gvpce.ac.in/B.Tech/exams/TimeTables/2022/B.Tech II Sem Supple (R-2020)_April 2022.pdf]
[gvpce.ac.in/B.Tech/exams/TimeTables/2022/B.Tech. IV Sem Supple (R-2019)-April 2022.pdf]
[gvpce.ac.in/B.Tech/exams/TimeTables/2022/B.Tech I Sem Regular (R-2020)_April 2022.pdf]
[gvpce.ac.in/B.Tech/exams/TimeTables/2022/B.Tech I Sem Supple (R-2020)_March 2022.pdf]
[gvpce.ac.in/B.Tech/exams/TimeTables/2022/B.TECH I-VIII Sem Supplementary (R-2013)_March-2022.pdf]
[gvpce.ac.in/B.Tech/exams/TimeTables/2022/B.TECH I-VI Sem Supplementary (R-2015)-March 2022.pdf]
[gvpce.ac.in/B.Tech/exams/TimeTables/2022/B.Tech III Sem Regular (R-2020)-March_2022.pdf]
[gvpce.ac.in/B.Tech/exams/TimeTables/B.Tech V Sem Reg&Sup (R-2019)-January_2022_v1.pdf]
[gvpce.ac.in/B.Tech/exams/TimeTables/Revised_B.Tech VII Sem Reg&Sup (R-2015) (2018 Admitted Btach) -Jan 2022.pdf]
[gvpce.ac.in/mca/exams/Time Tables/MCA V (Regular) (R-2019) -Jan-2022 .pdf]
[gvpce.ac.in/mca/exams/Time Tables/MCA IV (Supple) (R-2019) -Jan-2022.pdf]
[gvpce.ac.in/B.Tech/exams/TimeTables/B.Tech I Sem Supple (R-2019)_Jan 2022.pdf]
[gvpce.ac.in/B.Tech/exams/TimeTables/B.Tech II Sem Supple (R-2019)_Jan 2022.pdf]
[gvpce.ac.in/B.Tech/exams/TimeTables/B.Tech III Sem Supple (R-2019)-Jan-2022.pdf]
[gvpce.ac.in/B.Tech/exams/TimeTables/B.Tech VII Sem Reg&Sup (R-2015) (2018 Admitted Btach) -Jan 2022_lat.pdf]
[gvpce.ac.in/mca/exams/Time Tables/MCA-II Sem (Reg) (R-2020)- Dec-2021.pdf]
[gvpce.ac.in/mca/exams/Time Tables/MCA-II Sem (Sup) (R-2019)- Dec 2021.pdf]
[gvpce.ac.in/mca/exams/Time Tables/MCA-II Sem (Sup) (R-2015) -Dec 2021.pdf]
[gvpce.ac.in/mca/exams/Time Tables/MCA-I Sem (Sup) (R-2020)- Dec-2021.pdf]
[gvpce.ac.in/mca/exams/Time Tables/MCA-I Sem (Sup) (R-2019)- Dec-2021.pdf]
[gvpce.ac.in/mca/exams/Time Tables/MCA-I Sem (Sup) (R-2015)- Dec-2021.pdf]
[gvpce.ac.in/mca/exams/Time Tables/MCA-III Sem (Sup) (R-2019)- July 2021.pdf]
[gvpce.ac.in/mca/exams/Time Tables/MCA-III Sem (Sup) (R-2015) -Dec 2021.pdf]
[gvpce.ac.in/mca/exams/Time Tables/MCA-IV Sem (Sup) (R-2015) -Dec 2021.pdf]
[gvpce.ac.in/mca/exams/Time Tables/MCA-V Sem (Sup) (R-2015) -Dec 2021.pdf]
[gvpce.ac.in/PG/M.Tech/exams/TimeTables/Time_Table (M.Tech_II_Sem) Regular (R-2019)_December 2021.pdf]
[gvpce.ac.in/PG/M.Tech/exams/TimeTables/Time_Table (M.Tech_I_Sem) Sup (R-2019)_December 2021.pdf]
[gvpce.ac.in/PG/M.Tech/exams/TimeTables/Time_Table(M.Tech_II_Sem) Sup(R-2015)_December 2021.pdf]
[gvpce.ac.in/PG/M.Tech/exams/TimeTables/Time_Table (M.Tech_I_Sem) Sup (R-2015)_December 2021.pdf]
[gvpce.ac.in/B.Tech/exams/TimeTables/B.Tech I,II,III,IV,V, VI, VII & VIII Sem (R-2013)-Time Tables_November-2021.pdf]
[gvpce.ac.in/B.Tech/exams/TimeTables/B.TECH III Sem Sup (R-2015)_October-2021.pdf]
[gvpce.ac.in/B.Tech/exams/TimeTables/Time Table of B.Tech VIII Semester Supplementary (R-2015)-October 2021.pdf]
[gvpce.ac.in/B.Tech/exams/TimeTables/B.Tech II Sem Regular (R-2020)_September 2021.pdf]
[gvpce.ac.in/B.Tech/exams/TimeTables/B.Tech I Sem Supple (R-15)_September-2021.pdf]
[gvpce.ac.in/B.Tech/exams/TimeTables/B.Tech II Sem Supple (R-15)_September-2021.pdf]
[gvpce.ac.in/B.Tech/exams/TimeTables/B.TECH -IV Sem Sup (R-2015)-Sep 2021.pdf]
[gvpce.ac.in/B.Tech/exams/TimeTables/B.Tech V Sem Sup (R-2015)-Sep-21-Revised.pdf]
[gvpce.ac.in/B.Tech/exams/TimeTables/B.Tech VII Sem Supplementary (R-2015) - September 2021.pdf]
[gvpce.ac.in/B.Tech/exams/TimeTables/Time Table for B.Tech. IV Sem Regular (R-2019)-September 2021 (1).pdf]
[gvpce.ac.in/mca/exams/Time Tables/Time Table for MCA IV Regular (R-2019) -September-2021.pdf]
[gvpce.ac.in/B.Tech/exams/TimeTables/B.TECH -VI Sem Reg&Sup (R-2015)-August 2021.pdf]
[gvpce.ac.in/B.Tech/exams/B.Tech I Sem Supple (R-2019)_Aug 2021.pdf]
[gvpce.ac.in/B.Tech/exams/B.Tech II Sem Supple (R-2019)_Aug 2021.pdf]
[gvpce.ac.in/Time Table for MCA-III Sem (R-2015) (Sup)_ AUGUST 2021.pdf]
[gvpce.ac.in/MCA IV (Supple) - August 2021 (R-2015).pdf]
[gvpce.ac.in/B.Tech I Sem Regular (R-2020)_August 2021.pdf]
[gvpce.ac.in/M.C.A- II Sem (R-2015R-2019) Supplementary TIME TABLES.pdf]
[gvpce.ac.in/B.TECH- VIII-Sem  Supplementary (R-2013)_July-2021.pdf]
[gvpce.ac.in/B.Tech VIII Sem Reg&Sup (R-2015) (2017 Admitted Batch) -July 2021.pdf]
[gvpce.ac.in/Rescheduling of B.Tech IV & VI Semester (R-2015 & R-2013) Supplementary Examination.pdf]
[gvpce.ac.in/B.Tech I Sem Regular (R-2020)_May 2021.pdf]
[gvpce.ac.in/B.TECH- VIII-Sem Supplementary (R-2015)_MAY-2021.pdf]
[gvpce.ac.in/B.Tech I Sem Supple (R-2019)_May 2021.pdf]
[gvpce.ac.in/B.Tech II Sem Supple (R-2019)_May 2021.pdf]
[gvpce.ac.in/B.Tech I Sem Supple (R-15)_April-2021.pdf]
[gvpce.ac.in/B.TECH I Sem Supple (R-2013)_April-2021.pdf]
[gvpce.ac.in/B.Tech II Sem Sup_(R-2015)-April-2021.pdf]
[gvpce.ac.in/B.TECH II Sem Sup (R-2013)_April-2021.pdf]
[gvpce.ac.in/B.TECH -IV Sem Sup (R-2015)-April 2021.pdf]
[gvpce.ac.in/B.TECH IV Sem Sup (R-2013)_April-2021.pdf]
[gvpce.ac.in/B.TECH -VI Sem Sup (R-2015)-April-2021_final .pdf]
[gvpce.ac.in/B.TECH VI Sem Sup (R-2013)_April-2021.pdf]
[gvpce.ac.in/Time Table of MCA-III Sem (R-2019) (Regular)_ March2021.pdf]
[gvpce.ac.in/Time Tables of B.Tech III Semester (R-2019, R-2015 & R-2013)- March-2021.pdf]
[gvpce.ac.in/Time Table for MCA-V Sem (R-2015) (Sup)_ March2021.pdf]
[gvpce.ac.in/B.Tech V Sem Sup (R-2013)-Mar-21 (2).pdf]
[gvpce.ac.in/B.Tech V Sem Reg&Sup (R-2015)-Mar-21 .pdf]
[gvpce.ac.in/B.TECH- VIII-Sem  Supplementary (R-2013)_March-2021.pdf]
[gvpce.ac.in/B.TECH- VII-Sem  Supplementary (R-2013)_March-2021.pdf]
[gvpce.ac.in/B.Tech VII Sem Reg&Sup (R-2015)-March-2021.pdf]
[gvpce.ac.in/B.Tech-Semester Supplementary  (R-2019) (Autonomous) Examinations , January-2021.pdf]
[gvpce.ac.in/MCA I-Semester Supplementary  (R-2015) (Autonomous) Examinations , January-2021.pdf]
[gvpce.ac.in/MCA I-Semester Supplementary  (R-2019) (Autonomous) Examinations ,January-2021.pdf]
[gvpce.ac.in/I,II,III,IV BTECH_AUTONOMOUS STREAM-SPLSUPPLY.pdf]
[gvpce.ac.in/3-1_bt_spl_sup-JNTUK STREAM-.pdf]
[gvpce.ac.in/M.Tech 1&2 Autonomous Spl-2020 Revised.pdf]
[gvpce.ac.in/Time_Table (M.Tech_II_Sem) Regular (R-2019)_Dec 2020.pdf]
[gvpce.ac.in/Time_Table (M.Tech_I_Sem) Supple (R-2019)_December 2020.pdf]
[gvpce.ac.in/MCA IV Semester Regular (R-2019)- December 2020.pdf]
[gvpce.ac.in/MCA-II Sem (Reg) (R-2019)- December-2020.pdf]
[gvpce.ac.in/MCA-II Sem (Sup) (R-2015) December 2020.pdf]
[gvpce.ac.in/B.Tech II Sem Sup_(R-2015)-December 2020.pdf]
[gvpce.ac.in/B.TECH II Sem Sup (R-2013)_December 2020.pdf]
[gvpce.ac.in/B.Tech II Sem Supple_( R-2012)_December 2020.pdf]
[gvpce.ac.in/B.TECH -IV Sem Reg&Sup (R-2015)-November 2020 (1).pdf]
[gvpce.ac.in/B.TECH IV Sem Sup (R-2013)_November 2020 (1).pdf]
[gvpce.ac.in/B.Tech IV Sem Supple_( R-2012)_November 2020 (1).pdf]
[gvpce.ac.in/B.Tech II Sem Reg (R-19)_December 2020.pdf]
[gvpce.ac.in/Time Table for M.Tech I Semester Supplementary (R-2015) - November 2020 .pdf]
[gvpce.ac.in/Time Table for M.Tech II Semester Supplementary (R-2015) - November 2020 .pdf]
[gvpce.ac.in/Time Table for MCA III Semester Supplementary (R-2015) - November 2020 .pdf]
[gvpce.ac.in/Time Table for MCA V Semester Supplementary (R-2015) - November 2020 .pdf]
[gvpce.ac.in/B.TECH -VI Semester Regular & Supplementary (R-2015)-November 2020.pdf]
[gvpce.ac.in/B.TECH VI Semester Supplementary (R-2013)_November 2020.pdf]
[gvpce.ac.in/B.Tech VI Semester Supplementary( R-2012)November 2020.pdf]
[gvpce.ac.in/B.TECH- VIII-Sem Reg (R-2015)_Phase-II-November-2020.pdf]
[gvpce.ac.in/B.Tech I Sem Supplementary (R-15)_October 2020.pdf]
[gvpce.ac.in/B.Tech III Sem Supplementary (R-2015)-October2020.pdf]
[gvpce.ac.in/B.Tech V Sem Supplementary (R-2015)-October 2020.pdf]
[gvpce.ac.in/B.Tech VII Sem Supplementary (R-2015)-October 2020.pdf]
[gvpce.ac.in/B.TECH I Sem Supplementary (R-2013)_October 2020.pdf]
[gvpce.ac.in/B.TECH III Sem Supplementary (R-2013)_October 2020.pdf]
[gvpce.ac.in/B.TECH V Sem Supplementary (R-2013)_October 2020.pdf]
[gvpce.ac.in/B.TECH VII Sem Supplementary (R-2013)_October  2020.pdf]
[gvpce.ac.in/B.Tech I Sem Supplementary_(R-2012)_October 2020.pdf]
[gvpce.ac.in/B.Tech III Sem Supplementary_( R-2012)_October 2020.pdf]
[gvpce.ac.in/B.Tech V Sem Supplementary_( R-2012)_October 2020.pdf]
[gvpce.ac.in/B.Tech VII Sem Supplementary_(R-2012)_October 2020.pdf]
[gvpce.ac.in/timetables.html]
[gvpce.ac.in/REVALUATION APPLICATION.pdf]
[gvpce.ac.in/B.Tech/exams/ApplicationForms/Exam-Application-GVPCE.pdf]
[gvpce.ac.in/B.Tech/exams/GVPCE-PC Application-28-5.pdf]
[gvpce.ac.in/B.Tech/exams/transcripts application revised.pdf]
[gvpce.ac.in/applicationforms.html]
[cdnjs.cloudflare.com/ajax/libs/meyer-reset/2.0/reset.min.css]
[code.jquery.com/jquery-1.10.2.js]
[125.62.214.206/img/fevicon1.png]
[125.62.214.206/js/respond.js]
[125.62.214.206/js/jquery.balloon.js]
[125.62.214.206/js/jquery-1.11.3.js]
[125.62.214.206/img/College2.jpg]
[125.62.214.206/assets/banner.jpg]
[code.jquery.com/ui/1.11.4/jquery-ui.js]
[125.62.214.206/img/chromelogo.jpg]
[125.62.214.206/js/index.js]
[125.62.214.206/index.html]
[cdnjs.cloudflare.com/ajax/libs/jquery/2.1.3/jquery.min.js]
[gvpce.ac.in/new.gif]
[gvpce.ac.in/results/MTechIYEARIISEMSupplyRESULTS-April2012.pdf]
[gvpce.ac.in/results/mcavisemregoct11/MCA2009BATCHIVSEMSupply.pdf]
[gvpce.ac.in/results/mtechsep11/MTechIYEARISEMSupplyResults.pdf]
[gvpce.ac.in/results/BTech Revaluation Results - June 2011/I Sem Supple - Revaluation Results June-2011.pdf]
[gvpce.ac.in/results/BTech Revaluation Results - June 2011/II Sem Reg n Supple - Revaluation Results June-2011.pdf]
[gvpce.ac.in/results/BTech Revaluation Results - June 2011/III Sem Supple - Revaluation Results June-2011.pdf]
[gvpce.ac.in/results/BTech Revaluation Results - June 2011/IV Sem Reg - Revaluation Results June-2011.pdf]
[gvpce.ac.in/results/btechisemestersupplementaryresultsjune2011/btechisemestersupplementaryresultsjune2011.pdf]
[gvpce.ac.in/results/B.TechIISemesterSupplementaryResults-June2011/B.TechIISemesterSupplementaryResults-June2011.pdf]
[gvpce.ac.in/results/MCAISEMSupple(2009&2010Admits)June2011.pdf]
[gvpce.ac.in/results/MCA III SEM SUPPLE-May 2011.pdf]
[gvpce.ac.in/results/RevaluationM.TechI&IISemestersRegular&SupplyExaminationsMarch2011.pdf]
[gvpce.ac.in/results/MTech I YEAR II SEM SUPPLY RESULTS.pdf]
[gvpce.ac.in/results/MTech I YEAR I SEM SUPPLY RESULTS.pdf]
[gvpce.ac.in/results/IBTECH&MCAANALYSIS-Jan2011/BTech&MCAISemAnalysis.pdf]
[gvpce.ac.in/results/btechiiisemdec2010/summary.pdf]
[gvpce.ac.in/results/mcajuly10/pressnote.pdf]
[gvpce.ac.in/results/mcajuly10/mcaanalysis.pdf]
[gvpce.ac.in/BridgeCourse.pdf]
[gvpce.ac.in/result.html]
[gvpce.ac.in/buttonA.jpg]
[gvpce.ac.in/button15.jpg]
[gvpce.ac.in/button14.jpg]
[gvpce.ac.in/button13.jpg]
[gvpce.ac.in/button9.jpg]
[gvpce.ac.in/button8.jpg]
[gvpce.ac.in/button95.jpg]
[gvpce.ac.in/button96.jpg]
[gvpce.ac.in/button97.jpg]
[gvpce.ac.in/button98.jpg]
[gvpce.ac.in/button123.jpg]
[gvpce.ac.in/button124.jpg]
[gvpce.ac.in/button126.jpg]
[gvpce.ac.in/button127.jpg]
[gvpce.ac.in/AcademicCalender/button132.jpg]
[gvpce.ac.in/AcademicCalender/button133.jpg]
[gvpce.ac.in/AcademicCalender/buttonA13.jpg]
[gvpce.ac.in/AcademicCalender/buttonB8.jpg]
[gvpce.ac.in/AcademicCalender/button235.jpg]
[gvpce.ac.in/AcademicCalender/button236.jpg]
[gvpce.ac.in/AcademicCalender/button239.jpg]
[gvpce.ac.in/AcademicCalender/button240.jpg]
[gvpce.ac.in/AcademicCalender/button3.jpg]
[gvpce.ac.in/AcademicCalender/button4.jpg]
[gvpce.ac.in/AcademicCalender/button10.jpg]
[gvpce.ac.in/AcademicCalender/buttonA1.jpg]
[gvpce.ac.in/AcademicCalender/button15.jpg]
[gvpce.ac.in/AcademicCalender/button16.jpg]
[gvpce.ac.in/placements/buttonE6.jpg]
[gvpce.ac.in/placements/buttonF6.jpg]
[gvpce.ac.in/placements/button13.jpg]
[gvpce.ac.in/placements/button14.jpg]
[gvpce.ac.in/data1/images/20-21placements/1.jpg]
[gvpce.ac.in/data1/images/20-21placements/2.jpg]
[gvpce.ac.in/data1/images/20-21placements/3.jpg]
[gvpce.ac.in/data1/images/20-21placements/4.jpg]
[gvpce.ac.in/data1/images/20-21placements/5.jpg]
[gvpce.ac.in/data1/images/20-21placements/6.jpg]
[gvpce.ac.in/data1/images/20-21placements/7.jpg]
[gvpce.ac.in/data1/images/20-21placements/8.jpg]
[gvpce.ac.in/data1/images/20-21placements/9.jpg]
[gvpce.ac.in/data1/images/20-21placements/10.jpg]
[gvpce.ac.in/data1/images/20-21placements/11.jpg]
[gvpce.ac.in/data1/images/20-21placements/12.jpg]
[gvpce.ac.in/data1/images/20-21placements/13.jpg]
[gvpce.ac.in/data1/images/20-21placements/14.jpg]
[gvpce.ac.in/data1/images/20-21placements/15.jpg]
[gvpce.ac.in/data1/images/20-21placements/16.jpg]
[gvpce.ac.in/data1/images/20-21placements/17.jpg]
[gvpce.ac.in/data1/images/20-21placements/18.jpg]
[gvpce.ac.in/data1/images/20-21placements/19.jpg]
[gvpce.ac.in/data1/images/20-21placements/20.jpg]
[gvpce.ac.in/data1/images/20-21placements/21.jpg]
[gvpce.ac.in/data1/images/tcsaccre.jpg]
[gvpce.ac.in/data1/images/dsc00411.jpg]
[gvpce.ac.in/data1/images/dsc00435.jpg]
[gvpce.ac.in/data1/images/dsc00444.jpg]
[gvpce.ac.in/data1/images/dsc01333.jpg]
[gvpce.ac.in/data1/images/dsc01922.jpg]
[gvpce.ac.in/data1/images/dsc01966.jpg]
[gvpce.ac.in/data1/images/dsc03674.jpg]
[gvpce.ac.in/data1/images/dsc06675.jpg]
[gvpce.ac.in/data1/images/dsc06677.jpg]
[gvpce.ac.in/data1/images/dsc06884.jpg]
[gvpce.ac.in/data1/images/dsc_0275.jpg]
[gvpce.ac.in/data1/images/dsc_0343.jpg]
[gvpce.ac.in/data1/images/dsc_0412.jpg]
[gvpce.ac.in/data1/images/dsc_0632.jpg]
[gvpce.ac.in/data1/images/dsc_0776.jpg]
[gvpce.ac.in/data1/images/dsc_7628.jpg]
[gvpce.ac.in/data1/images/dsc_9680.jpg]
[gvpce.ac.in/data1/images/img_6679.jpg]
[gvpce.ac.in/engine1/wowslider.js]
[gvpce.ac.in/engine1/script.js]
[gvpce.ac.in/placements/button12.jpg]
[gvpce.ac.in/placements/GVPCE 2021 Batch Placements Data.pdf]
[gvpce.ac.in/AcademicCalender/button8.jpg]
[gvpce.ac.in/2019 - 2020 Placement Data.pdf]
[gvpce.ac.in/AcademicCalender/button2.jpg]
[gvpce.ac.in/2018 - 2019 Placement Data.pdf]
[gvpce.ac.in/AcademicCalender/button241.jpg]
[gvpce.ac.in/2017 - 2018 Placement Data.pdf]
[gvpce.ac.in/AcademicCalender/button237.jpg]
[gvpce.ac.in/2016 - 2017 Placement Data.pdf]
[gvpce.ac.in/AcademicCalender/button189.jpg]
[gvpce.ac.in/2015 - 2016 Placement Data.pdf]
[gvpce.ac.in/AcademicCalender/button134.jpg]
[gvpce.ac.in/2014 - 2015 Placement Data.pdf]
[gvpce.ac.in/AcademicCalender/button14.jpg]
[gvpce.ac.in/Placements13-14.pdf]
[gvpce.ac.in/button100.jpg]
[gvpce.ac.in/Placements12-13.pdf]
[gvpce.ac.in/button101.jpg]
[gvpce.ac.in/Placement11-12.pdf]
[gvpce.ac.in/button18.jpg]
[gvpce.ac.in/Placements10-11.pdf]
[gvpce.ac.in/button17.jpg]
[gvpce.ac.in/Placement09-10.pdf]
[gvpce.ac.in/button16.jpg]
[gvpce.ac.in/Major_Activities.jpg]
[gvpce.ac.in/image8191.gif]
[gvpce.ac.in/campusplace.html]
[49.205.68.18/index.html]
[gvpce.ac.in/index-2.html]
[gvpce.ac.in/AcademicCalender/UG/Academic Calendar 2022-23_B.Tech. III Semester.pdf]
[gvpce.ac.in/AcademicCalender/UG/GVPCE(A)AC CAL FOR V TH SEM- 2022-23.pdf]
[gvpce.ac.in/AcademicCalender/UG/GVPCE(A)AC CAL FOR VII TH SEM- 2022-23.pdf]
[gvpce.ac.in/AcademicCalender/PG/Academic Calendar M.Tech. I & II Sems, 2022-23.jpg]
[gvpce.ac.in/AcademicCalender/PG/M.Tech-II Year-2022-23.jpg]
[gvpce.ac.in/PG/M.Tech/M.TECH. ACADEMIC CALENDAR.pdf]
[gvpce.ac.in/AcademicCalender/PG/Academic Calender MCA I & II Semester, 2022-23.jpg]
[gvpce.ac.in/AcademicCalender/PG/MCA Academic Calender-2022-23_Sem-III & IV.jpg]
[gvpce.ac.in/AcademicCalender/PG/GVPCE(A)-MCA-TH SEM.pdf]
[gvpce.ac.in/acal.html]
[gvpce.ac.in/coursesoffered.html]
[gvpce.ac.in/feestruc.html]
[formbuilder.ccavenue.com/live/assets/3a95980c/css/bootstrap.css]
[formbuilder.ccavenue.com/live/frontend/web/design_elements/css/jquery-ui.css]
[formbuilder.ccavenue.com/live/frontend/web/design_elements/css/site.css]
[formbuilder.ccavenue.com/live/frontend/web/design_elements/css/bootstrap.css]
[formbuilder.ccavenue.com/live/frontend/web/design_elements/css/docs.css]
[formbuilder.ccavenue.com/live/frontend/web/design_elements/css/font-awesome.css]
[formbuilder.ccavenue.com/live/frontend/web/design_elements/css/select2.css]
[formbuilder.ccavenue.com/live/frontend/web/design_elements/js/jquery.min.js]
[formbuilder.ccavenue.com/live/uploads/bank_image/12/1594721028_union_bank_of_india.jpg]
[formbuilder.ccavenue.com/live/frontend/web/design_elements/img/logo-2.png]
[formbuilder.ccavenue.com/live/frontend/web/design_elements/img/banner.png]
[formbuilder.ccavenue.com/live/uploads/company_image/141/16139696052928_16136237622496_download.jpg]
[formbuilder.ccavenue.com/live/union-bank-of-india/gvp-college-of-engineering-autonomous/paymenthistory12d7.html]
[formbuilder.ccavenue.com/live/frontend/web/design_elements/img/loader.gif]
[formbuilder.ccavenue.com/live/frontend/web/design_elements/img/footer-logo.png]
[formbuilder.ccavenue.com/live/assets/53552e85/jquery.js]
[formbuilder.ccavenue.com/live/frontend/web/design_elements/js/fees_calculation.js]
[formbuilder.ccavenue.com/live/assets/8ec465ba/yii.js]
[formbuilder.ccavenue.com/live/frontend/web/design_elements/js/bootstrap.js]
[formbuilder.ccavenue.com/live/frontend/web/design_elements/js/jquery-ui.js]
[formbuilder.ccavenue.com/live/frontend/web/design_elements/js/select2.js]
[formbuilder.ccavenue.com/live/frontend/web/design_elements/js/devtool.js]
[formbuilder.ccavenue.com/live/frontend/web/design_elements/js/custom.js]
[formbuilder.ccavenue.com/live/frontend/web/design_elements/plugins/jquery-validation/dist/jquery.validate.js]
[formbuilder.ccavenue.com/live/frontend/web/design_elements/plugins/jquery-validation/dist/additional-methods.js]
[formbuilder.ccavenue.com/live/frontend/web/design_elements/js/jquery.mask.js]
[formbuilder.ccavenue.com/live/admin/design_elements/js/crypto-js/crypto-js.js]
[formbuilder.ccavenue.com/live/admin/design_elements/js/encryption.js]
[formbuilder.ccavenue.com/live/union-bank-of-india/gvp-college-of-engineering-autonomous.html]
[gvpce.almaconnect.com/index.html]
[gvpce.ac.in/contactus.html]
[gvpce.ac.in/ibm_coe.gif]
[gvpce.ac.in/ibm1.jpg]
[gvpce.ac.in/ibm2.jpg]
[gvpce.ac.in/ibm3.jpg]
[gvpce.ac.in/ibm4.jpg]
[gvpce.ac.in/ibm5.jpg]
[gvpce.ac.in/ibm6.jpg]
[gvpce.ac.in/IBMTrainingPrograms.pdf]
[gvpce.ac.in/IBMFAcTrainingPrograms.pdf]
[gvpce.ac.in/ibmcoe.html]
[www.icredify.com/Scripts/bootstrap-datepicker.js]
[www.icredify.com/Scripts/jquery-ui-1.10.4.custom/jquery-ui-1.10.4.custom/js/jquery-1.10.2.js]
[www.icredify.com/Scripts/jquery-ui-1.10.4.custom/jquery-ui-1.10.4.custom/js/jquery-ui-1.10.4.custom.js]
[www.icredify.com/Scripts/bootstrap.min.js]
[www.google-analytics.com/analytics.js]
[www.icredify.com/img/GVP_Logo.jpg]
[www.icredify.com/assets/images/ui/small-logo.png]
[www.icredify.com/img/list-option-icons/24x24/activate-questionmark.png]
[www.icredify.com/images/help/gvpce_Help.png]
[www.icrederity.com/naukri/images/footer.png]
[www.icredify.com/degreeverify/gvpce.html]
[gvpce.ac.in/NIRF RANKINGS.pdf]
[gvpce.ac.in/nirf/NIRF SUBMITTED REPORT 2022 ENGINEERING.pdf]
[gvpce.ac.in/NIRF SUBMITTED DATA 2021.pdf]
[gvpce.ac.in/mhrdnirf.html]
[gvpce.ac.in/images/bg.html]
[gvpce.ac.in/images/headerbg.html]
[gvpce.ac.in/B.Tech/B.Tech Admissions/2022-2023/btechadmission/css/bootstrap.min.css]
[gvpce.ac.in/B.Tech/B.Tech Admissions/2022-2023/btechadmission/css/btechadmission.css]
[stackpath.bootstrapcdn.com/font-awesome/4.7.0/css/font-awesome.min.css]
[gvpce.ac.in/B.Tech/B.Tech Admissions/2022-2023/Click here to Apply.html]
[gvpce.ac.in/CFSR/aazadiamrit/css/bootstrap.min.css]
[gvpce.ac.in/CFSR/aazadiamrit/css/ramsa.css]
[gvpce.ac.in/CFSR/aazadiamrit/css/new.css]
[gvpce.ac.in/images/style.css]
[gvpce.ac.in/examapplicationforms.jpg]
[gvpce.ac.in/notifications.jpg]
[gvpce.ac.in/timetables.jpg]
[gvpce.ac.in/results1.jpg]
[gvpce.ac.in/examinations.html]
[gvpce.ac.in/images/stylegvp1.css]
[gvpce.ac.in/8-sem-II-Phase-Notice (1).html]
[cdnjs.cloudflare.com/ajax/libs/meyer-reset/2.0/reset.min.css]
[125.62.214.206/css/font-awesome.min.css]
[125.62.214.206/css/styletest.css]
[jqueryjs.googlecode.com/files/jquery-1.2.6.min.html]
[125.62.214.206/Chrome/index.html]
[125.62.214.206/js/bootstrap.min.js]
[125.62.214.206/js/bootstrap.js]
[125.62.214.206/js/popper.min.js]
[code.jquery.com/ui/1.11.4/themes/smoothness/jquery-ui.css]
[125.62.214.206/icons/wait.gif]
[125.62.214.206/images/banner.jpg]
[125.62.214.206/forgot.html]
[gvpce.ac.in/bg.html]
[gvpce.ac.in/results/BTechISemJan2012/btechsearch.html]
[gvpce.ac.in/results/BtechIIsemJune2011/btechsearch.html]
[gvpce.ac.in/results/B.TechIIISemesterSupplementaryResults-June2011/B.TechIIISemesterSupplementaryResults-June2011.html]
[gvpce.ac.in/results/BtechIVsemJune2011/btechsearch.html]
[gvpce.ac.in/results/btechisemjan2011/btechsearch.html]
[gvpce.ac.in/results/btechiiisemdec2010/btechsearch.html]
[gvpce.ac.in/results/mcajuly10/mcasearch.html]
[gvpce.ac.in/results/btechjuly10/btechsearch.html]
[gvpce.ac.in/results/btechsearch.html]
[gvpce.ac.in/AcademicCalender/UG/B.Tech 2021-22 AcaCal.pdf]
[gvpce.ac.in/AcademicCalender/PG/IMG_0001_Mtech.pdf]
[gvpce.ac.in/AcademicCalender/PG/IMG_0002.pdf]
[gvpce.ac.in/AcademicCalender/PG/IMG_0001.pdf]
[gvpce.ac.in/AcademicCalender/PG/MCA V & VI SEMESTER ACADEMIC CALENDER.pdf]
[gvpce.ac.in/AcademicCalender/UG/B.Tech 2020-21 AcaCal.pdf]
[gvpce.ac.in/AC-Revised B.Tech. III, V & VII Semesters.pdf]
[gvpce.ac.in/AcademicCalender/PG/MTech 2020-21 Academic Calendar.pdf]
[gvpce.ac.in/AcademicCalender/PG/MCA Academic Calendar 2020-21.pdf]
[gvpce.ac.in/Academic Caleandar_B.TECH - I to IV Yr_2019-20.pdf]
[gvpce.ac.in/M.TECH. 2 YEAR ACADEMIC CALENDER 2019-20-final.pdf]
[gvpce.ac.in/Academic Caleandar_MCA_2019 - 2020.pdf]
[gvpce.ac.in/Revised Academic activities of even sem for AY 2019-20.pdf]
[gvpce.ac.in/B.TECH. Academic Calander Sem-1 to 8_2018-18_03.11.2018.pdf]
[gvpce.ac.in/M.TECH. Academic Calander_2018-18_25.09.2018.pdf]
[gvpce.ac.in/MCA Academic Calander_2018-18_25.09.2018.pdf]
[gvpce.ac.in/acalarchives.html]
[gvpce.ac.in/click-here-for-more-information.jpg]
[gvpce.ac.in/mtechcse.html]
[gvpce.ac.in/Dept_M.Tech_info/EEE.pdf]
[gvpce.ac.in/mtechped.html]
[gvpce.ac.in/Dept_M.Tech_info/Mechanical.pdf]
[gvpce.ac.in/mtechcadcam.html]
[gvpce.ac.in/Dept_M.Tech_info/CIVIL.pdf]
[gvpce.ac.in/mtechstru.html]
[gvpce.ac.in/Dept_M.Tech_info/ECE.pdf]
[gvpce.ac.in/mtechvlsi.html]
[formbuilder.ccavenue.com/live/assets/3a95980c/css/bootstrap.css]
[formbuilder.ccavenue.com/live/frontend/web/design_elements/css/jquery-ui.css]
[formbuilder.ccavenue.com/live/frontend/web/design_elements/css/site.css]
[formbuilder.ccavenue.com/live/frontend/web/design_elements/css/bootstrap.css]
[formbuilder.ccavenue.com/live/frontend/web/design_elements/img/banner-cornar.png]
[formbuilder.ccavenue.com/live/frontend/web/design_elements/img/arrow-img.png]
[formbuilder.ccavenue.com/live/frontend/web/design_elements/img/banner-cornar-white.png]
[formbuilder.ccavenue.com/live/frontend/web/design_elements/img/check-box-on.png]
[formbuilder.ccavenue.com/live/frontend/web/design_elements/img/check-box-off.png]
[formbuilder.ccavenue.com/live/frontend/web/design_elements/img/radio-on.png]
[formbuilder.ccavenue.com/live/frontend/web/design_elements/img/radio-off.png]
[formbuilder.ccavenue.com/live/frontend/web/design_elements/css/docs.css]
[formbuilder.ccavenue.com/live/frontend/web/design_elements/css/font-awesome.css]
[formbuilder.ccavenue.com/live/frontend/web/design_elements/img/arrow.png]
[formbuilder.ccavenue.com/live/frontend/web/design_elements/css/select2.css]
[formbuilder.ccavenue.com/live/union-bank-of-india/gvp-college-of-engineering-autonomous/paymenthistory12d7.html]
[gvpce.ac.in/1Template_adplib.html]
[gvpce.ac.in/1Template_ADPcontent.html]
[gvpce.ac.in/1Template.html]
[gvpce.ac.in/images/style1.html]
[gvpce.ac.in/location_map_pop.html]
[gvpce.ac.in/banner.jpg]
[gvpce.ac.in/alumni/img/front1.jpg]
[gvpce.ac.in/notifications/notify/alumniletterdec09.pdf]
[gvpce.ac.in/alumni/img/tview.jpg]
[gvpce.ac.in/alumni/alumni_home.html]
[www.icredify.com/css/bootstrap.min.css]
[www.icredify.com/css/form.css]
[www.icredify.com/css/screen1.css]
[www.icredify.com/css/bootstrap.css]
[www.icredify.com/css/jobDetail.css]
[www.icredify.com/img/list-option-icons/arrow2.png]
[www.icredify.com/css/Site.css]
[www.icredify.com/img/list-option-icons/delete.png]
[www.icredify.com/img/list-option-icons/assign.png]
[www.icredify.com/img/list-option-icons/arrow.png]
[www.icredify.com/img/list-option-icons/forward.png]
[www.icredify.com/img/Icons/24/add-new-job.png]
[www.icredify.com/img/icons/24/back.png]
[www.icredify.com/img/list-option-icons/status.png]
[www.icredify.com/img/dashboard-icons/24x24/students.png]
[www.icredify.com/img/dashboard-icons/24x24/requests.png]
[www.icredify.com/img/dashboard-icons/24x24/new-requests.png]
[www.icredify.com/img/dashboard-icons/24x24/jobs.png]
[www.icredify.com/img/dashboard-icons/24x24/users.png]
[www.icredify.com/img/dashboard-icons/24x24/placement.png]
[www.icredify.com/img/list-option-icons/24x24/profile.png]
[www.icredify.com/css/basic.css]
[www.icredify.com/css/JobListings.css]
[www.icredify.com/img/list-option-icons/left-arrow.png]
[www.icredify.com/img/list-option-icons/messages.png]
[www.icredify.com/css/messageDetails.css]
[www.icredify.com/img/list-option-icons/profile.png]
[www.icredify.com/css/my-profile.css]
[www.icredify.com/Scripts/jquery-ui-1.10.4.custom/jquery-ui-1.10.4.custom/css/smoothness/images/animated-overlay.gif]
[www.icredify.com/Scripts/jquery-ui-1.10.4.custom/jquery-ui-1.10.4.custom/css/smoothness/images/ui-icons_222222_256x240.png]
[www.icredify.com/Scripts/jquery-ui-1.10.4.custom/jquery-ui-1.10.4.custom/css/smoothness/images/ui-icons_888888_256x240.png]
[www.icredify.com/Scripts/jquery-ui-1.10.4.custom/jquery-ui-1.10.4.custom/css/smoothness/images/ui-icons_454545_256x240.png]
[www.icredify.com/Scripts/jquery-ui-1.10.4.custom/jquery-ui-1.10.4.custom/css/smoothness/images/ui-icons_2e83ff_256x240.png]
[www.icredify.com/Scripts/jquery-ui-1.10.4.custom/jquery-ui-1.10.4.custom/css/smoothness/images/ui-icons_cd0a0a_256x240.png]
[www.icredify.com/Scripts/jquery-ui-1.10.4.custom/jquery-ui-1.10.4.custom/css/smoothness/images/ui-bg_flat_0_aaaaaa_40x100.png]
[www.icredify.com/Scripts/jquery-ui-1.10.4.custom/jquery-ui-1.10.4.custom/css/smoothness/jquery-ui-1.10.4.custom.css]
[123.108.200.173_8084/Project/gvpcareer/application.jsp]
[gvpce.ac.in/CFSR/aazadiamrit/images/GVPClg.html]
[125.62.214.206/fonts/fontawesome-webfonte0a5.html]
[125.62.214.206/fonts/fontawesome-webfontd41d.html]
[125.62.214.206/fonts/fontawesome-webfonte0a5-2.html]
[125.62.214.206/fonts/fontawesome-webfonte0a5-3.html]
[125.62.214.206/fonts/fontawesome-webfonte0a5-4.html]
[125.62.214.206/fonts/fontawesome-webfonte0a5-5.html]
[125.62.214.206/css/responsiveform.css]
[125.62.214.206/fonts/glyphicons-halflings-regular.eot]
[125.62.214.206/fonts/glyphicons-halflings-regular.woff]
[125.62.214.206/fonts/glyphicons-halflings-regulard41d.eot]
[125.62.214.206/fonts/glyphicons-halflings-regular.ttf]
[125.62.214.206/css/bootstrap.css]
[125.62.214.206/css/bootstrap.min.css]
[125.62.214.206/css/bootstrap-combined.min.css]
[125.62.214.206/css/payment_details.css]
[125.62.214.206/css/balloon.css]
[code.jquery.com/ui/1.11.4/themes/smoothness/images/ui-bg_flat_75_ffffff_40x100.png]
[code.jquery.com/ui/1.11.4/themes/smoothness/images/ui-bg_highlight-soft_75_cccccc_1x100.png]
[code.jquery.com/ui/1.11.4/themes/smoothness/images/ui-bg_glass_75_e6e6e6_1x400.png]
[code.jquery.com/ui/1.11.4/themes/smoothness/images/ui-bg_glass_75_dadada_1x400.png]
[code.jquery.com/ui/1.11.4/themes/smoothness/images/ui-bg_glass_65_ffffff_1x400.png]
[code.jquery.com/ui/1.11.4/themes/smoothness/images/ui-bg_glass_55_fbf9ee_1x400.png]
[code.jquery.com/ui/1.11.4/themes/smoothness/images/ui-bg_glass_95_fef1ec_1x400.png]
[code.jquery.com/ui/1.11.4/themes/smoothness/images/ui-icons_222222_256x240.png]
[code.jquery.com/ui/1.11.4/themes/smoothness/images/ui-icons_888888_256x240.png]
[code.jquery.com/ui/1.11.4/themes/smoothness/images/ui-icons_454545_256x240.png]
[code.jquery.com/ui/1.11.4/themes/smoothness/images/ui-icons_2e83ff_256x240.png]
[code.jquery.com/ui/1.11.4/themes/smoothness/images/ui-icons_cd0a0a_256x240.png]
[code.jquery.com/ui/1.11.4/themes/smoothness/images/ui-bg_flat_0_aaaaaa_40x100.png]
[code.jquery.com/ui/1.11.4/themes/smoothness/jquery-ui.css]
[125.62.214.206/home.html]
[formbuilder.ccavenue.com/live/frontend/web/design_elements/css/images/animated-overlay.html]
[formbuilder.ccavenue.com/live/frontend/web/design_elements/css/images/ui-bg_flat_75_ffffff_40x100.html]
[formbuilder.ccavenue.com/live/frontend/web/design_elements/css/images/ui-bg_highlight-soft_75_cccccc_1x100.html]
[formbuilder.ccavenue.com/live/frontend/web/design_elements/css/images/ui-bg_glass_75_e6e6e6_1x400.html]
[formbuilder.ccavenue.com/live/frontend/web/design_elements/css/images/ui-bg_glass_75_dadada_1x400.html]
[formbuilder.ccavenue.com/live/frontend/web/design_elements/css/images/ui-bg_glass_65_ffffff_1x400.html]
[formbuilder.ccavenue.com/live/frontend/web/design_elements/css/images/ui-bg_glass_55_fbf9ee_1x400.html]
[formbuilder.ccavenue.com/live/frontend/web/design_elements/css/images/ui-bg_glass_95_fef1ec_1x400.html]
[formbuilder.ccavenue.com/live/frontend/web/design_elements/css/images/ui-icons_222222_256x240.html]
[formbuilder.ccavenue.com/live/frontend/web/design_elements/css/images/ui-icons_888888_256x240.html]
[formbuilder.ccavenue.com/live/frontend/web/design_elements/css/images/ui-icons_454545_256x240.html]
[formbuilder.ccavenue.com/live/frontend/web/design_elements/css/images/ui-icons_2e83ff_256x240.html]
[formbuilder.ccavenue.com/live/frontend/web/design_elements/css/images/ui-icons_cd0a0a_256x240.html]
[formbuilder.ccavenue.com/live/frontend/web/design_elements/css/images/ui-bg_flat_0_aaaaaa_40x100.html]
[formbuilder.ccavenue.com/live/frontend/web/design_elements/images/calender-icon.html]
[gvpce.ac.in/alumni/alumni1.css]
[gvpce.ac.in/alumni/print.css]
[gvpce.ac.in/alumni/register.html]
[gvpce.ac.in/alumni/login.html]
[125.62.214.206/fonts/glyphicons-halflings-regular.html]
[125.62.214.206/fonts/glyphicons-halflings-regular.svg]
[125.62.214.206/img/glyphicons-halflings.html]
[125.62.214.206/img/glyphicons-halflings-white.html]
[gvpce.ac.in/alumni/img/bg.html]
